// Jest Snapshot v1, https://goo.gl/fbAQLP

exports[`hooks not-hooks :) - createRef 1`] = `
"┌─root-box─────────────────────────────────────────────────┐
│use-ref-test                                              │
│                                                          │
│                                                          │
│                                                          │
│                                                          │
│                                                          │
│                                                          │
│                                                          │
│                                                          │
│                                                          │
│                                                          │
│                                                          │
│                                                          │
└──────────────────────────────────────────────────────────┘"
`;
