// Jest Snapshot v1, https://goo.gl/fbAQLP

exports[`Grid <Grid /> - 3x3 1`] = `
"┌─root-box─────────────────────────────────────────────────┐
│┌─────────────────┐┌─────────────────┐┌─────────────────┐ │
││0,0              ││0,1              ││0,2              │ │
││                 ││                 ││                 │ │
│└─────────────────┘└─────────────────┘└─────────────────┘ │
│┌─────────────────┐┌─────────────────┐┌─────────────────┐ │
││1,0              ││1,1              ││1,2              │ │
││                 ││                 ││                 │ │
│└─────────────────┘└─────────────────┘└─────────────────┘ │
│┌─────────────────┐┌─────────────────┐┌─────────────────┐ │
││2,0              ││2,1              ││2,2              │ │
││                 ││                 ││                 │ │
│└─────────────────┘└─────────────────┘└─────────────────┘ │
│                                                          │
└──────────────────────────────────────────────────────────┘"
`;

exports[`Grid <Grid /> - 3x3 with colSpan and rowSpan 1`] = `
"┌─root-box─────────────────────────────────────────────────┐
│                                      ┌─────────────────┐ │
│                                      │colspan          │ │
│                                      │                 │ │
│                                      │                 │ │
│┌────────────────────────────────────┐│                 │ │
││rowspan                             ││                 │ │
││                                    ││                 │ │
│└────────────────────────────────────┘│                 │ │
│                                      │                 │ │
│                                      │                 │ │
│                                      │                 │ │
│                                      │                 │ │
│                                      └─────────────────┘ │
└──────────────────────────────────────────────────────────┘"
`;
