// Jest Snapshot v1, https://goo.gl/fbAQLP

exports[`aaa <List /> 1`] = `
"┌─root-box─────────────────────────────────────────────────┐
│┌─some-list──────────────────────────────────────────────┐│
││a                                                       ││
││b                                                       ││
││c                                                       ││
││                                                        ││
││                                                        ││
││                                                        ││
││                                                        ││
││                                                        ││
││                                                        ││
││                                                        ││
││                                                        ││
│└────────────────────────────────────────────────────────┘│
└──────────────────────────────────────────────────────────┘"
`;

exports[`aaa <List /> 2`] = `
"┌─root-box─────────────────────────────────────────────────┐
│swapped                                                   │
│                                                          │
│                                                          │
│                                                          │
│                                                          │
│                                                          │
│                                                          │
│                                                          │
│                                                          │
│                                                          │
│                                                          │
│                                                          │
│                                                          │
└──────────────────────────────────────────────────────────┘"
`;

exports[`aaa <List /> 3`] = `
"┌─root-box─────────────────────────────────────────────────┐
│┌─some-list──────────────────────────────────────────────┐│
││a                                                       ││
││b                                                       ││
││c                                                       ││
││                                                        ││
││                                                        ││
││                                                        ││
││                                                        ││
││                                                        ││
││                                                        ││
││                                                        ││
││                                                        ││
│└────────────────────────────────────────────────────────┘│
└──────────────────────────────────────────────────────────┘"
`;
